<html>
<body>
<pre>
<h1>µVision Build Log</h1>
<h2>Tool Versions:</h2>
IDE-Version: ¦ÌVision V5.38.0.0
Copyright (C) 2022 ARM Ltd and ARM Germany GmbH. All rights reserved.
License Information: cy w, none, LIC=W96CK-ZH6NZ-C2TL6-DVV7Z-WMZ35-PS9TX
 
Tool Versions:
Toolchain:       MDK-ARM Professional  Version: 5.38.0.0
Toolchain Path:  D:\Keil_v5\ARM\ARMCC\Bin
C Compiler:      Armcc.exe V5.06 update 7 for Certification (build 960)
Assembler:       Armasm.exe V5.06 update 7 for Certification (build 960)
Linker/Locator:  ArmLink.exe V5.06 update 7 for Certification (build 960)
Library Manager: ArmAr.exe V5.06 update 7 for Certification (build 960)
Hex Converter:   FromElf.exe V5.06 update 7 for Certification (build 960)
CPU DLL:         SARMCM3.DLL V5.38.0.0
Dialog DLL:      DCM.DLL V1.17.5.0
Target DLL:      Segger\JL2CM3.dll V2.99.42.0
Dialog DLL:      TCM.DLL V1.56.4.0
 
<h2>Project:</h2>
F:\23S\uProjects\motor controller\Template.uvprojx
Project File Date:  06/07/2023

<h2>Output:</h2>
*** Using Compiler 'V5.06 update 7 for Certification (build 960)', folder: 'D:\Keil_v5\ARM\ARMCC\Bin'
Rebuild target 'Target 1'
assembling startup_stm32f10x_hd.s...
compiling misc.c...
compiling main.c...
compiling stm32f10x_it.c...
compiling stm32f10x_bkp.c...
compiling stm32f10x_iwdg.c...
compiling stm32f10x_pwr.c...
compiling stm32f10x_tim.c...
compiling stm32f10x_exti.c...
compiling stm32f10x_gpio.c...
compiling stm32f10x_wwdg.c...
compiling stm32f10x_dac.c...
compiling stm32f10x_rcc.c...
compiling stm32f10x_usart.c...
compiling stm32f10x_adc.c...
compiling stm32f10x_dma.c...
compiling stm32f10x_rtc.c...
compiling system_stm32f10x.c...
compiling core_cm3.c...
compiling led.c...
compiling smg.c...
compiling ds18b20.c...
compiling key.c...
compiling pwm.c...
compiling system.c...
compiling usart.c...
compiling SysTick.c...
linking...
Program Size: Code=9492 RO-data=336 RW-data=76 ZI-data=1028  
FromELF: creating hex file...
".\Obj\Template.axf" - 0 Error(s), 0 Warning(s).

<h2>Software Packages used:</h2>

Package Vendor: ARM
                http://www.keil.com/pack/ARM.CMSIS.5.9.0.pack
                ARM.CMSIS.5.9.0
                CMSIS (Common Microcontroller Software Interface Standard)
   * Component: CORE Version: 5.6.0

Package Vendor: Keil
                https://www.keil.com/pack/Keil.STM32F1xx_DFP.2.4.1.pack
                Keil.STM32F1xx_DFP.2.4.1
                STMicroelectronics STM32F1 Series Device Support, Drivers and Examples

<h2>Collection of Component include folders:</h2>
  ./RTE/_Target_1
  D:/Keil_v5/ARM/Packs/ARM/CMSIS/5.9.0/CMSIS/Core/Include
  D:/Keil_v5/ARM/Packs/Keil/STM32F1xx_DFP/2.4.1/Device/Include

<h2>Collection of Component Files used:</h2>

   * Component: ARM::CMSIS:CORE:5.6.0
Build Time Elapsed:  00:00:02
</pre>
</body>
</html>
